// Jest Snapshot v1, https://goo.gl/fbAQLP

exports[`Repo Component should render a repo 1`] = `
<a
  href="repo.repo"
  rel="noopener noreferrer"
  target="_blank"
>
  a repo
</a>
`;
